// Jest Snapshot v1, https://goo.gl/fbAQLP

exports[`Search matches a snapshot 1`] = `
Array [
  <label
    className="sc-bdVaJa fGYvF"
    htmlFor="search"
  >
    search
  </label>,
  <input
    className="sc-bwzfXH fYIQJD"
    name="searchTerm"
    placeholder="search"
    type="text"
  />,
]
`;
