// Jest Snapshot v1, https://goo.gl/fbAQLP

exports[`Note snapshot matches a snapshot 1`] = `
<section>
  <form>
    <label
      htmlFor="delete"
    >
      delete
    </label>
    <input
      name="delete"
      type="checkbox"
      value="delete"
    />
  </form>
  <h3>
    You got this!
  </h3>
  <p>
    This is a 
    daily
     affirmation.
  </p>
</section>
`;
